Archive member included to satisfy reference by file (symbol)

/home/hp/Programa/Atollic/ARMTools/bin/../lib/gcc/arm-atollic-eabi/6.3.1/../../../../arm-atollic-eabi/lib/armv7e-m/fpu/libc_nano.a(lib_a-errno.o)
                              Src/syscalls.o (__errno)
/home/hp/Programa/Atollic/ARMTools/bin/../lib/gcc/arm-atollic-eabi/6.3.1/../../../../arm-atollic-eabi/lib/armv7e-m/fpu/libc_nano.a(lib_a-impure.o)
                              /home/hp/Programa/Atollic/ARMTools/bin/../lib/gcc/arm-atollic-eabi/6.3.1/../../../../arm-atollic-eabi/lib/armv7e-m/fpu/libc_nano.a(lib_a-errno.o) (_impure_ptr)
/home/hp/Programa/Atollic/ARMTools/bin/../lib/gcc/arm-atollic-eabi/6.3.1/../../../../arm-atollic-eabi/lib/armv7e-m/fpu/libc_nano.a(lib_a-init.o)
                              startup/startup_stm32f446xx.o (__libc_init_array)
/home/hp/Programa/Atollic/ARMTools/bin/../lib/gcc/arm-atollic-eabi/6.3.1/../../../../arm-atollic-eabi/lib/armv7e-m/fpu/libc_nano.a(lib_a-memset.o)
                              Src/main.o (memset)
/home/hp/Programa/Atollic/ARMTools/bin/../lib/gcc/arm-atollic-eabi/6.3.1/armv7e-m/fpu/libgcc.a(_aeabi_uldivmod.o)
                              Drivers/STM32F4xx_HAL_Driver/Src/stm32f4xx_hal_rcc.o (__aeabi_uldivmod)
/home/hp/Programa/Atollic/ARMTools/bin/../lib/gcc/arm-atollic-eabi/6.3.1/armv7e-m/fpu/libgcc.a(_udivmoddi4.o)
                              /home/hp/Programa/Atollic/ARMTools/bin/../lib/gcc/arm-atollic-eabi/6.3.1/armv7e-m/fpu/libgcc.a(_aeabi_uldivmod.o) (__udivmoddi4)
/home/hp/Programa/Atollic/ARMTools/bin/../lib/gcc/arm-atollic-eabi/6.3.1/armv7e-m/fpu/libgcc.a(_dvmd_tls.o)
                              /home/hp/Programa/Atollic/ARMTools/bin/../lib/gcc/arm-atollic-eabi/6.3.1/armv7e-m/fpu/libgcc.a(_aeabi_uldivmod.o) (__aeabi_ldiv0)

Allocating common symbols
Common symbol       size              file

hdma_usart2_rx      0x60              Src/main.o
htim8               0x40              Src/main.o
uwTick              0x4               Drivers/STM32F4xx_HAL_Driver/Src/stm32f4xx_hal.o
pFlash              0x20              Drivers/STM32F4xx_HAL_Driver/Src/stm32f4xx_hal_flash.o
htim3               0x40              Src/main.o
RXData              0x28              Src/main.o
hadc1               0x48              Src/main.o
ADCValues           0x18              Src/main.o
hdma_adc1           0x60              Src/main.o
TXData              0xc               Src/main.o
htim1               0x40              Src/main.o
htim2               0x40              Src/main.o
huart2              0x40              Src/main.o

Discarded input sections

 .text          0x0000000000000000        0x0 /home/hp/Programa/Atollic/ARMTools/bin/../lib/gcc/arm-atollic-eabi/6.3.1/armv7e-m/fpu/crti.o
 .data          0x0000000000000000        0x0 /home/hp/Programa/Atollic/ARMTools/bin/../lib/gcc/arm-atollic-eabi/6.3.1/armv7e-m/fpu/crti.o
 .bss           0x0000000000000000        0x0 /home/hp/Programa/Atollic/ARMTools/bin/../lib/gcc/arm-atollic-eabi/6.3.1/armv7e-m/fpu/crti.o
 .data          0x0000000000000000        0x4 /home/hp/Programa/Atollic/ARMTools/bin/../lib/gcc/arm-atollic-eabi/6.3.1/armv7e-m/fpu/crtbegin.o
 .text          0x0000000000000000        0x0 Drivers/STM32F4xx_HAL_Driver/Src/stm32f4xx_hal.o
 .data          0x0000000000000000        0x0 Drivers/STM32F4xx_HAL_Driver/Src/stm32f4xx_hal.o
 .bss           0x0000000000000000        0x0 Drivers/STM32F4xx_HAL_Driver/Src/stm32f4xx_hal.o
 .text.HAL_MspInit
                0x0000000000000000        0x2 Drivers/STM32F4xx_HAL_Driver/Src/stm32f4xx_hal.o
 .text.HAL_MspDeInit
                0x0000000000000000        0x2 Drivers/STM32F4xx_HAL_Driver/Src/stm32f4xx_hal.o
 .text.HAL_DeInit
                0x0000000000000000       0x2c Drivers/STM32F4xx_HAL_Driver/Src/stm32f4xx_hal.o
 .text.HAL_GetTickPrio
                0x0000000000000000        0xc Drivers/STM32F4xx_HAL_Driver/Src/stm32f4xx_hal.o
 .text.HAL_SetTickFreq
                0x0000000000000000       0x24 Drivers/STM32F4xx_HAL_Driver/Src/stm32f4xx_hal.o
 .text.HAL_GetTickFreq
                0x0000000000000000        0xc Drivers/STM32F4xx_HAL_Driver/Src/stm32f4xx_hal.o
 .text.HAL_Delay
                0x0000000000000000       0x28 Drivers/STM32F4xx_HAL_Driver/Src/stm32f4xx_hal.o
 .text.HAL_SuspendTick
                0x0000000000000000       0x10 Drivers/STM32F4xx_HAL_Driver/Src/stm32f4xx_hal.o
 .text.HAL_ResumeTick
                0x0000000000000000       0x10 Drivers/STM32F4xx_HAL_Driver/Src/stm32f4xx_hal.o
 .text.HAL_GetHalVersion
                0x0000000000000000        0x8 Drivers/STM32F4xx_HAL_Driver/Src/stm32f4xx_hal.o
 .text.HAL_GetREVID
                0x0000000000000000        0xc Drivers/STM32F4xx_HAL_Driver/Src/stm32f4xx_hal.o
 .text.HAL_GetDEVID
                0x0000000000000000       0x10 Drivers/STM32F4xx_HAL_Driver/Src/stm32f4xx_hal.o
 .text.HAL_DBGMCU_EnableDBGSleepMode
                0x0000000000000000       0x10 Drivers/STM32F4xx_HAL_Driver/Src/stm32f4xx_hal.o
[...]
Memory Configuration

Name             Origin             Length             Attributes
RAM              0x0000000020000000 0x0000000000020000 xrw
FLASH            0x0000000008000000 0x0000000000080000 xr
*default*        0x0000000000000000 0xffffffffffffffff

Linker script and memory map

LOAD /home/hp/Programa/Atollic/ARMTools/bin/../lib/gcc/arm-atollic-eabi/6.3.1/armv7e-m/fpu/crti.o
LOAD /home/hp/Programa/Atollic/ARMTools/bin/../lib/gcc/arm-atollic-eabi/6.3.1/armv7e-m/fpu/crtbegin.o
LOAD Drivers/STM32F4xx_HAL_Driver/Src/stm32f4xx_hal.o
LOAD Drivers/STM32F4xx_HAL_Driver/Src/stm32f4xx_hal_adc.o
LOAD Drivers/STM32F4xx_HAL_Driver/Src/stm32f4xx_hal_adc_ex.o
LOAD Drivers/STM32F4xx_HAL_Driver/Src/stm32f4xx_hal_cortex.o
LOAD Drivers/STM32F4xx_HAL_Driver/Src/stm32f4xx_hal_dma.o
LOAD Drivers/STM32F4xx_HAL_Driver/Src/stm32f4xx_hal_dma_ex.o
LOAD Drivers/STM32F4xx_HAL_Driver/Src/stm32f4xx_hal_exti.o
LOAD Drivers/STM32F4xx_HAL_Driver/Src/stm32f4xx_hal_flash.o
LOAD Drivers/STM32F4xx_HAL_Driver/Src/stm32f4xx_hal_flash_ex.o
LOAD Drivers/STM32F4xx_HAL_Driver/Src/stm32f4xx_hal_flash_ramfunc.o
LOAD Drivers/STM32F4xx_HAL_Driver/Src/stm32f4xx_hal_gpio.o
LOAD Drivers/STM32F4xx_HAL_Driver/Src/stm32f4xx_hal_pwr.o
LOAD Drivers/STM32F4xx_HAL_Driver/Src/stm32f4xx_hal_pwr_ex.o
LOAD Drivers/STM32F4xx_HAL_Driver/Src/stm32f4xx_hal_rcc.o
LOAD Drivers/STM32F4xx_HAL_Driver/Src/stm32f4xx_hal_rcc_ex.o
LOAD Drivers/STM32F4xx_HAL_Driver/Src/stm32f4xx_hal_tim.o
LOAD Drivers/STM32F4xx_HAL_Driver/Src/stm32f4xx_hal_tim_ex.o
LOAD Drivers/STM32F4xx_HAL_Driver/Src/stm32f4xx_hal_uart.o
LOAD Src/main.o
LOAD Src/stm32f4xx_hal_msp.o
LOAD Src/stm32f4xx_it.o
LOAD Src/syscalls.o
LOAD Src/system_stm32f4xx.o
LOAD startup/startup_stm32f446xx.o
                0x0000000000000080                malloc_getpagesize_P = 0x80
START GROUP
LOAD /home/hp/Programa/Atollic/ARMTools/bin/../lib/gcc/arm-atollic-eabi/6.3.1/../../../../arm-atollic-eabi/lib/armv7e-m/fpu/libc_nano.a
LOAD /home/hp/Programa/Atollic/ARMTools/bin/../lib/gcc/arm-atollic-eabi/6.3.1/../../../../arm-atollic-eabi/lib/armv7e-m/fpu/libm.a
END GROUP
START GROUP
LOAD /home/hp/Programa/Atollic/ARMTools/bin/../lib/gcc/arm-atollic-eabi/6.3.1/armv7e-m/fpu/libgcc.a
LOAD /home/hp/Programa/Atollic/ARMTools/bin/../lib/gcc/arm-atollic-eabi/6.3.1/../../../../arm-atollic-eabi/lib/armv7e-m/fpu/libc_nano.a
END GROUP
START GROUP
LOAD /home/hp/Programa/Atollic/ARMTools/bin/../lib/gcc/arm-atollic-eabi/6.3.1/armv7e-m/fpu/libgcc.a
LOAD /home/hp/Programa/Atollic/ARMTools/bin/../lib/gcc/arm-atollic-eabi/6.3.1/../../../../arm-atollic-eabi/lib/armv7e-m/fpu/libc_nano.a
LOAD /home/hp/Programa/Atollic/ARMTools/bin/../lib/gcc/arm-atollic-eabi/6.3.1/../../../../arm-atollic-eabi/lib/armv7e-m/fpu/libnosys.a
END GROUP
START GROUP
LOAD /home/hp/Programa/Atollic/ARMTools/bin/../lib/gcc/arm-atollic-eabi/6.3.1/armv7e-m/fpu/libgcc.a
LOAD /home/hp/Programa/Atollic/ARMTools/bin/../lib/gcc/arm-atollic-eabi/6.3.1/../../../../arm-atollic-eabi/lib/armv7e-m/fpu/libc_nano.a
LOAD /home/hp/Programa/Atollic/ARMTools/bin/../lib/gcc/arm-atollic-eabi/6.3.1/../../../../arm-atollic-eabi/lib/armv7e-m/fpu/libnosys.a
END GROUP
LOAD /home/hp/Programa/Atollic/ARMTools/bin/../lib/gcc/arm-atollic-eabi/6.3.1/armv7e-m/fpu/crtend.o
LOAD /home/hp/Programa/Atollic/ARMTools/bin/../lib/gcc/arm-atollic-eabi/6.3.1/armv7e-m/fpu/crtn.o
                0x0000000020020000                _estack = 0x20020000
                0x0000000000000200                _Min_Heap_Size = 0x200
                0x0000000000000400                _Min_Stack_Size = 0x400

.isr_vector     0x0000000008000000      0x1c4
                0x0000000008000000                . = ALIGN (0x4)
 *(.isr_vector)
 .isr_vector    0x0000000008000000      0x1c4 startup/startup_stm32f446xx.o
                0x0000000008000000                g_pfnVectors
                0x00000000080001c4                . = ALIGN (0x4)

.text           0x00000000080001c4     0x29f8
                0x00000000080001c4                . = ALIGN (0x4)
 *(.text)
 .text          0x00000000080001c4       0x40 /home/hp/Programa/Atollic/ARMTools/bin/../lib/gcc/arm-atollic-eabi/6.3.1/armv7e-m/fpu/crtbegin.o
 .text          0x0000000008000204       0x30 /home/hp/Programa/Atollic/ARMTools/bin/../lib/gcc/arm-atollic-eabi/6.3.1/armv7e-m/fpu/libgcc.a(_aeabi_uldivmod.o)
                0x0000000008000204                __aeabi_uldivmod
 .text          0x0000000008000234      0x2dc /home/hp/Programa/Atollic/ARMTools/bin/../lib/gcc/arm-atollic-eabi/6.3.1/armv7e-m/fpu/libgcc.a(_udivmoddi4.o)
                0x0000000008000234                __udivmoddi4
 .text          0x0000000008000510        0x4 /home/hp/Programa/Atollic/ARMTools/bin/../lib/gcc/arm-atollic-eabi/6.3.1/armv7e-m/fpu/libgcc.a(_dvmd_tls.o)
                0x0000000008000510                __aeabi_ldiv0
                0x0000000008000510                __aeabi_idiv0
 *(.text*)
 .text.HAL_InitTick
                0x0000000008000514       0x48 Drivers/STM32F4xx_HAL_Driver/Src/stm32f4xx_hal.o
                0x0000000008000514                HAL_InitTick
 .text.HAL_Init
                0x000000000800055c       0x34 Drivers/STM32F4xx_HAL_Driver/Src/stm32f4xx_hal.o
                0x000000000800055c                HAL_Init
 .text.HAL_IncTick
                0x0000000008000590       0x18 Drivers/STM32F4xx_HAL_Driver/Src/stm32f4xx_hal.o
                0x0000000008000590                HAL_IncTick
 .text.HAL_GetTick
                0x00000000080005a8        0xc Drivers/STM32F4xx_HAL_Driver/Src/stm32f4xx_hal.o
                0x00000000080005a8                HAL_GetTick
 .text.HAL_ADC_Init
                0x00000000080005b4      0x14c Drivers/STM32F4xx_HAL_Driver/Src/stm32f4xx_hal_adc.o
                0x00000000080005b4                HAL_ADC_Init
 .text.HAL_ADC_Start_DMA
                0x0000000008000700      0x128 Drivers/STM32F4xx_HAL_Driver/Src/stm32f4xx_hal_adc.o
                0x0000000008000700                HAL_ADC_Start_DMA
 .text.HAL_ADC_ConvCpltCallback
                0x0000000008000828        0x2 Drivers/STM32F4xx_HAL_Driver/Src/stm32f4xx_hal_adc.o
                0x0000000008000828                HAL_ADC_ConvCpltCallback
 .text.HAL_ADC_ConvHalfCpltCallback
                0x000000000800082a        0x2 Drivers/STM32F4xx_HAL_Driver/Src/stm32f4xx_hal_adc.o
                0x000000000800082a                HAL_ADC_ConvHalfCpltCallback
 .text.ADC_DMAHalfConvCplt
                0x000000000800082c        0xa Drivers/STM32F4xx_HAL_Driver/Src/stm32f4xx_hal_adc.o
 .text.HAL_ADC_ErrorCallback
                0x0000000008000836        0x2 Drivers/STM32F4xx_HAL_Driver/Src/stm32f4xx_hal_adc.o
                0x0000000008000836                HAL_ADC_ErrorCallback
 .text.ADC_DMAError
                0x0000000008000838       0x16 Drivers/STM32F4xx_HAL_Driver/Src/stm32f4xx_hal_adc.o
 .text.ADC_DMAConvCplt
                0x000000000800084e       0x6c Drivers/STM32F4xx_HAL_Driver/Src/stm32f4xx_hal_adc.o
 *fill*         0x00000000080008ba        0x2 
 .text.HAL_ADC_ConfigChannel
                0x00000000080008bc      0x144 Drivers/STM32F4xx_HAL_Driver/Src/stm32f4xx_hal_adc.o
                0x00000000080008bc                HAL_ADC_ConfigChannel
 .text.HAL_NVIC_SetPriorityGrouping
                0x0000000008000a00       0x24 Drivers/STM32F4xx_HAL_Driver/Src/stm32f4xx_hal_cortex.o
                0x0000000008000a00                HAL_NVIC_SetPriorityGrouping
 .text.HAL_NVIC_SetPriority
                0x0000000008000a24       0x68 Drivers/STM32F4xx_HAL_Driver/Src/stm32f4xx_hal_cortex.o
                0x0000000008000a24                HAL_NVIC_SetPriority
 .text.HAL_NVIC_EnableIRQ
                0x0000000008000a8c       0x1c Drivers/STM32F4xx_HAL_Driver/Src/stm32f4xx_hal_cortex.o
                0x0000000008000a8c                HAL_NVIC_EnableIRQ
 .text.HAL_SYSTICK_Config
                0x0000000008000aa8       0x2c Drivers/STM32F4xx_HAL_Driver/Src/stm32f4xx_hal_cortex.o
                0x0000000008000aa8                HAL_SYSTICK_Config
 .text.DMA_CalcBaseAndBitshift
                0x0000000008000ad4       0x2c Drivers/STM32F4xx_HAL_Driver/Src/stm32f4xx_hal_dma.o
 .text.HAL_DMA_Init
                0x0000000008000b00       0xfc Drivers/STM32F4xx_HAL_Driver/Src/stm32f4xx_hal_dma.o
                0x0000000008000b00                HAL_DMA_Init
 .text.HAL_DMA_Start_IT
                0x0000000008000bfc       0x7c Drivers/STM32F4xx_HAL_Driver/Src/stm32f4xx_hal_dma.o
                0x0000000008000bfc                HAL_DMA_Start_IT
 .text.HAL_DMA_IRQHandler
                0x0000000008000c78      0x174 Drivers/STM32F4xx_HAL_Driver/Src/stm32f4xx_hal_dma.o
                0x0000000008000c78                HAL_DMA_IRQHandler
 .text.HAL_GPIO_Init
                0x0000000008000dec      0x1b4 Drivers/STM32F4xx_HAL_Driver/Src/stm32f4xx_hal_gpio.o
                0x0000000008000dec                HAL_GPIO_Init
 .text.HAL_GPIO_WritePin
                0x0000000008000fa0        0xa Drivers/STM32F4xx_HAL_Driver/Src/stm32f4xx_hal_gpio.o
                0x0000000008000fa0                HAL_GPIO_WritePin
 *fill*         0x0000000008000faa        0x2 
 .text.HAL_RCC_ClockConfig
                0x0000000008000fac      0x134 Drivers/STM32F4xx_HAL_Driver/Src/stm32f4xx_hal_rcc.o
                0x0000000008000fac                HAL_RCC_ClockConfig
 .text.HAL_RCC_GetPCLK1Freq
                0x00000000080010e0       0x20 Drivers/STM32F4xx_HAL_Driver/Src/stm32f4xx_hal_rcc.o
                0x00000000080010e0                HAL_RCC_GetPCLK1Freq
 .text.HAL_RCC_GetPCLK2Freq
                0x0000000008001100       0x20 Drivers/STM32F4xx_HAL_Driver/Src/stm32f4xx_hal_rcc.o
                0x0000000008001100                HAL_RCC_GetPCLK2Freq
 .text.HAL_RCC_GetSysClockFreq
                0x0000000008001120       0x90 Drivers/STM32F4xx_HAL_Driver/Src/stm32f4xx_hal_rcc_ex.o
                0x0000000008001120                HAL_RCC_GetSysClockFreq
 .text.HAL_RCC_OscConfig
                0x00000000080011b0      0x334 Drivers/STM32F4xx_HAL_Driver/Src/stm32f4xx_hal_rcc_ex.o
                0x00000000080011b0                HAL_RCC_OscConfig
 .text.TIM_OC1_SetConfig
                0x00000000080014e4       0x64 Drivers/STM32F4xx_HAL_Driver/Src/stm32f4xx_hal_tim.o
 .text.TIM_OC3_SetConfig
                0x0000000008001548       0x6c Drivers/STM32F4xx_HAL_Driver/Src/stm32f4xx_hal_tim.o
 .text.TIM_OC4_SetConfig
                0x00000000080015b4       0x4c Drivers/STM32F4xx_HAL_Driver/Src/stm32f4xx_hal_tim.o
 .text.HAL_TIM_PWM_MspInit
                0x0000000008001600        0x2 Drivers/STM32F4xx_HAL_Driver/Src/stm32f4xx_hal_tim.o
                0x0000000008001600                HAL_TIM_PWM_MspInit
 *fill*         0x0000000008001602        0x2 
 .text.TIM_Base_SetConfig
                0x0000000008001604       0xcc Drivers/STM32F4xx_HAL_Driver/Src/stm32f4xx_hal_tim.o
                0x0000000008001604                TIM_Base_SetConfig
 .text.HAL_TIM_Base_Init
                0x00000000080016d0       0x34 Drivers/STM32F4xx_HAL_Driver/Src/stm32f4xx_hal_tim.o
                0x00000000080016d0                HAL_TIM_Base_Init
 .text.HAL_TIM_PWM_Init
                0x0000000008001704       0x34 Drivers/STM32F4xx_HAL_Driver/Src/stm32f4xx_hal_tim.o
                0x0000000008001704                HAL_TIM_PWM_Init
 .text.TIM_OC2_SetConfig
                0x0000000008001738       0x6c Drivers/STM32F4xx_HAL_Driver/Src/stm32f4xx_hal_tim.o
                0x0000000008001738                TIM_OC2_SetConfig
 .text.HAL_TIM_PWM_ConfigChannel
                0x00000000080017a4       0xc4 Drivers/STM32F4xx_HAL_Driver/Src/stm32f4xx_hal_tim.o
                0x00000000080017a4                HAL_TIM_PWM_ConfigChannel
 .text.TIM_ETR_SetConfig
                0x0000000008001868       0x14 Drivers/STM32F4xx_HAL_Driver/Src/stm32f4xx_hal_tim.o
                0x0000000008001868                TIM_ETR_SetConfig
 .text.HAL_TIM_ConfigClockSource
                0x000000000800187c      0x128 Drivers/STM32F4xx_HAL_Driver/Src/stm32f4xx_hal_tim.o
                0x000000000800187c                HAL_TIM_ConfigClockSource
 .text.TIM_CCxChannelCmd
                0x00000000080019a4       0x1c Drivers/STM32F4xx_HAL_Driver/Src/stm32f4xx_hal_tim.o
                0x00000000080019a4                TIM_CCxChannelCmd
 .text.HAL_TIM_PWM_Start
                0x00000000080019c0       0x40 Drivers/STM32F4xx_HAL_Driver/Src/stm32f4xx_hal_tim.o
                0x00000000080019c0                HAL_TIM_PWM_Start
 .text.HAL_TIMEx_MasterConfigSynchronization
                0x0000000008001a00       0x3c Drivers/STM32F4xx_HAL_Driver/Src/stm32f4xx_hal_tim_ex.o
                0x0000000008001a00                HAL_TIMEx_MasterConfigSynchronization
 .text.HAL_TIMEx_ConfigBreakDeadTime
                0x0000000008001a3c       0x4c Drivers/STM32F4xx_HAL_Driver/Src/stm32f4xx_hal_tim_ex.o
                0x0000000008001a3c                HAL_TIMEx_ConfigBreakDeadTime
 .text.UART_EndRxTransfer
                0x0000000008001a88       0x1a Drivers/STM32F4xx_HAL_Driver/Src/stm32f4xx_hal_uart.o
 *fill*         0x0000000008001aa2        0x2 
 .text.UART_SetConfig
                0x0000000008001aa4      0x234 Drivers/STM32F4xx_HAL_Driver/Src/stm32f4xx_hal_uart.o
 .text.UART_WaitOnFlagUntilTimeout.constprop.3
                0x0000000008001cd8       0x50 Drivers/STM32F4xx_HAL_Driver/Src/stm32f4xx_hal_uart.o
 .text.HAL_UART_Init
                0x0000000008001d28       0x5c Drivers/STM32F4xx_HAL_Driver/Src/stm32f4xx_hal_uart.o
                0x0000000008001d28                HAL_UART_Init
 .text.HAL_UART_Transmit
                0x0000000008001d84       0xba Drivers/STM32F4xx_HAL_Driver/Src/stm32f4xx_hal_uart.o
                0x0000000008001d84                HAL_UART_Transmit
 *fill*         0x0000000008001e3e        0x2 
 .text.HAL_UART_Receive_DMA
                0x0000000008001e40       0x90 Drivers/STM32F4xx_HAL_Driver/Src/stm32f4xx_hal_uart.o
                0x0000000008001e40                HAL_UART_Receive_DMA
 .text.UART_DMAReceiveCplt
                0x0000000008001ed0       0x38 Drivers/STM32F4xx_HAL_Driver/Src/stm32f4xx_hal_uart.o
 .text.HAL_UART_RxHalfCpltCallback
                0x0000000008001f08        0x2 Drivers/STM32F4xx_HAL_Driver/Src/stm32f4xx_hal_uart.o
                0x0000000008001f08                HAL_UART_RxHalfCpltCallback
 .text.UART_DMARxHalfCplt
                0x0000000008001f0a        0xa Drivers/STM32F4xx_HAL_Driver/Src/stm32f4xx_hal_uart.o
 .text.HAL_UART_ErrorCallback
                0x0000000008001f14        0x2 Drivers/STM32F4xx_HAL_Driver/Src/stm32f4xx_hal_uart.o
                0x0000000008001f14                HAL_UART_ErrorCallback
 .text.UART_DMAError
                0x0000000008001f16       0x4e Drivers/STM32F4xx_HAL_Driver/Src/stm32f4xx_hal_uart.o
 .text.SystemClock_Config
                0x0000000008001f64       0x94 Src/main.o
                0x0000000008001f64                SystemClock_Config
 .text.startup.main
                0x0000000008001ff8      0x508 Src/main.o
                0x0000000008001ff8                main
 .text.HAL_UART_RxCpltCallback
                0x0000000008002500      0x224 Src/main.o
                0x0000000008002500                HAL_UART_RxCpltCallback
 .text.Error_Handler
                0x0000000008002724        0x2 Src/main.o
                0x0000000008002724                Error_Handler
 *fill*         0x0000000008002726        0x2 
 .text.HAL_MspInit
                0x0000000008002728       0x40 Src/stm32f4xx_hal_msp.o
                0x0000000008002728                HAL_MspInit
 .text.HAL_ADC_MspInit
                0x0000000008002768       0xf4 Src/stm32f4xx_hal_msp.o
                0x0000000008002768                HAL_ADC_MspInit
 .text.HAL_TIM_Base_MspInit
                0x000000000800285c       0x98 Src/stm32f4xx_hal_msp.o
                0x000000000800285c                HAL_TIM_Base_MspInit
 .text.HAL_TIM_MspPostInit
                0x00000000080028f4       0xe4 Src/stm32f4xx_hal_msp.o
                0x00000000080028f4                HAL_TIM_MspPostInit
 .text.HAL_UART_MspInit
                0x00000000080029d8       0xa8 Src/stm32f4xx_hal_msp.o
                0x00000000080029d8                HAL_UART_MspInit
 .text.NMI_Handler
                0x0000000008002a80        0x2 Src/stm32f4xx_it.o
                0x0000000008002a80                NMI_Handler
 .text.HardFault_Handler
                0x0000000008002a82        0x2 Src/stm32f4xx_it.o
                0x0000000008002a82                HardFault_Handler
 .text.MemManage_Handler
                0x0000000008002a84        0x2 Src/stm32f4xx_it.o
                0x0000000008002a84                MemManage_Handler
 .text.BusFault_Handler
                0x0000000008002a86        0x2 Src/stm32f4xx_it.o
                0x0000000008002a86                BusFault_Handler
 .text.UsageFault_Handler
                0x0000000008002a88        0x2 Src/stm32f4xx_it.o
                0x0000000008002a88                UsageFault_Handler
 .text.SVC_Handler
                0x0000000008002a8a        0x2 Src/stm32f4xx_it.o
                0x0000000008002a8a                SVC_Handler
 .text.DebugMon_Handler
                0x0000000008002a8c        0x2 Src/stm32f4xx_it.o
                0x0000000008002a8c                DebugMon_Handler
 .text.PendSV_Handler
                0x0000000008002a8e        0x2 Src/stm32f4xx_it.o
                0x0000000008002a8e                PendSV_Handler
 .text.SysTick_Handler
                0x0000000008002a90        0x4 Src/stm32f4xx_it.o
                0x0000000008002a90                SysTick_Handler
 .text.DMA1_Stream5_IRQHandler
                0x0000000008002a94        0xc Src/stm32f4xx_it.o
                0x0000000008002a94                DMA1_Stream5_IRQHandler
 .text.DMA2_Stream0_IRQHandler
                0x0000000008002aa0        0xc Src/stm32f4xx_it.o
                0x0000000008002aa0                DMA2_Stream0_IRQHandler
 .text.SystemInit
                0x0000000008002aac       0x4c Src/system_stm32f4xx.o
                0x0000000008002aac                SystemInit
 .text.Reset_Handler
                0x0000000008002af8       0x50 startup/startup_stm32f446xx.o
                0x0000000008002af8                Reset_Handler
 .text.Default_Handler
                0x0000000008002b48        0x2 startup/startup_stm32f446xx.o
                0x0000000008002b48                RTC_Alarm_IRQHandler
                0x0000000008002b48                EXTI2_IRQHandler
                0x0000000008002b48                TIM8_CC_IRQHandler
                0x0000000008002b48                FMPI2C1_EV_IRQHandler
                0x0000000008002b48                SPI4_IRQHandler
                0x0000000008002b48                TIM1_CC_IRQHandler
                0x0000000008002b48                DMA2_Stream5_IRQHandler
                0x0000000008002b48                PVD_IRQHandler
                0x0000000008002b48                SDIO_IRQHandler
                0x0000000008002b48                TAMP_STAMP_IRQHandler
                0x0000000008002b48                CAN2_RX1_IRQHandler
                0x0000000008002b48                EXTI3_IRQHandler
                0x0000000008002b48                TIM8_TRG_COM_TIM14_IRQHandler
                0x0000000008002b48                TIM1_UP_TIM10_IRQHandler
                0x0000000008002b48                TIM8_UP_TIM13_IRQHandler
                0x0000000008002b48                I2C3_ER_IRQHandler
                0x0000000008002b48                EXTI0_IRQHandler
                0x0000000008002b48                I2C2_EV_IRQHandler
                0x0000000008002b48                DMA1_Stream2_IRQHandler
                0x0000000008002b48                CAN1_RX0_IRQHandler
                0x0000000008002b48                FPU_IRQHandler
                0x0000000008002b48                OTG_HS_WKUP_IRQHandler
                0x0000000008002b48                CAN2_SCE_IRQHandler
                0x0000000008002b48                DMA2_Stream2_IRQHandler
                0x0000000008002b48                SPI1_IRQHandler
                0x0000000008002b48                TIM6_DAC_IRQHandler
                0x0000000008002b48                TIM1_BRK_TIM9_IRQHandler
                0x0000000008002b48                DCMI_IRQHandler
                0x0000000008002b48                CAN2_RX0_IRQHandler
                0x0000000008002b48                DMA2_Stream3_IRQHandler
                0x0000000008002b48                SAI2_IRQHandler
                0x0000000008002b48                USART6_IRQHandler
                0x0000000008002b48                USART3_IRQHandler
                0x0000000008002b48                CAN1_RX1_IRQHandler
                0x0000000008002b48                UART5_IRQHandler
                0x0000000008002b48                TIM4_IRQHandler
                0x0000000008002b48                QUADSPI_IRQHandler
                0x0000000008002b48                I2C1_EV_IRQHandler
                0x0000000008002b48                DMA1_Stream6_IRQHandler
                0x0000000008002b48                DMA1_Stream1_IRQHandler
                0x0000000008002b48                UART4_IRQHandler
                0x0000000008002b48                TIM3_IRQHandler
                0x0000000008002b48                RCC_IRQHandler
                0x0000000008002b48                TIM8_BRK_TIM12_IRQHandler
                0x0000000008002b48                Default_Handler
                0x0000000008002b48                CEC_IRQHandler
                0x0000000008002b48                EXTI15_10_IRQHandler
                0x0000000008002b48                ADC_IRQHandler
                0x0000000008002b48                DMA1_Stream7_IRQHandler
                0x0000000008002b48                TIM7_IRQHandler
                0x0000000008002b48                CAN2_TX_IRQHandler
                0x0000000008002b48                TIM5_IRQHandler
                0x0000000008002b48                DMA2_Stream7_IRQHandler
                0x0000000008002b48                I2C3_EV_IRQHandler
                0x0000000008002b48                EXTI9_5_IRQHandler
                0x0000000008002b48                RTC_WKUP_IRQHandler
                0x0000000008002b48                SPDIF_RX_IRQHandler
                0x0000000008002b48                SPI2_IRQHandler
                0x0000000008002b48                OTG_HS_EP1_IN_IRQHandler
                0x0000000008002b48                DMA1_Stream0_IRQHandler
                0x0000000008002b48                CAN1_TX_IRQHandler
                0x0000000008002b48                FMPI2C1_ER_IRQHandler
                0x0000000008002b48                EXTI4_IRQHandler
                0x0000000008002b48                OTG_HS_EP1_OUT_IRQHandler
                0x0000000008002b48                WWDG_IRQHandler
                0x0000000008002b48                TIM2_IRQHandler
                0x0000000008002b48                OTG_FS_WKUP_IRQHandler
                0x0000000008002b48                TIM1_TRG_COM_TIM11_IRQHandler
                0x0000000008002b48                OTG_HS_IRQHandler
                0x0000000008002b48                EXTI1_IRQHandler
                0x0000000008002b48                USART2_IRQHandler
                0x0000000008002b48                I2C2_ER_IRQHandler
                0x0000000008002b48                DMA2_Stream1_IRQHandler
                0x0000000008002b48                CAN1_SCE_IRQHandler
                0x0000000008002b48                FLASH_IRQHandler
                0x0000000008002b48                DMA2_Stream4_IRQHandler
                0x0000000008002b48                USART1_IRQHandler
                0x0000000008002b48                OTG_FS_IRQHandler
                0x0000000008002b48                SPI3_IRQHandler
                0x0000000008002b48                DMA1_Stream4_IRQHandler
                0x0000000008002b48                I2C1_ER_IRQHandler
                0x0000000008002b48                FMC_IRQHandler
                0x0000000008002b48                DMA2_Stream6_IRQHandler
                0x0000000008002b48                SAI1_IRQHandler
                0x0000000008002b48                DMA1_Stream3_IRQHandler
 *fill*         0x0000000008002b4a        0x2 
 .text.__libc_init_array
                0x0000000008002b4c       0x48 /home/hp/Programa/Atollic/ARMTools/bin/../lib/gcc/arm-atollic-eabi/6.3.1/../../../../arm-atollic-eabi/lib/armv7e-m/fpu/libc_nano.a(lib_a-init.o)
                0x0000000008002b4c                __libc_init_array
 .text.memset   0x0000000008002b94       0x10 /home/hp/Programa/Atollic/ARMTools/bin/../lib/gcc/arm-atollic-eabi/6.3.1/../../../../arm-atollic-eabi/lib/armv7e-m/fpu/libc_nano.a(lib_a-memset.o)
                0x0000000008002b94                memset
 *(.glue_7)
 .glue_7        0x0000000008002ba4        0x0 linker stubs
 *(.glue_7t)
 .glue_7t       0x0000000008002ba4        0x0 linker stubs
 *(.eh_frame)
 .eh_frame      0x0000000008002ba4        0x0 /home/hp/Programa/Atollic/ARMTools/bin/../lib/gcc/arm-atollic-eabi/6.3.1/armv7e-m/fpu/crtbegin.o
 *(.init)
 .init          0x0000000008002ba4        0x4 /home/hp/Programa/Atollic/ARMTools/bin/../lib/gcc/arm-atollic-eabi/6.3.1/armv7e-m/fpu/crti.o
                0x0000000008002ba4                _init
 .init          0x0000000008002ba8        0x8 /home/hp/Programa/Atollic/ARMTools/bin/../lib/gcc/arm-atollic-eabi/6.3.1/armv7e-m/fpu/crtn.o
 *(.fini)
 .fini          0x0000000008002bb0        0x4 /home/hp/Programa/Atollic/ARMTools/bin/../lib/gcc/arm-atollic-eabi/6.3.1/armv7e-m/fpu/crti.o
                0x0000000008002bb0                _fini
 .fini          0x0000000008002bb4        0x8 /home/hp/Programa/Atollic/ARMTools/bin/../lib/gcc/arm-atollic-eabi/6.3.1/armv7e-m/fpu/crtn.o
                0x0000000008002bbc                . = ALIGN (0x4)
                0x0000000008002bbc                _etext = .

.vfp11_veneer   0x0000000008002bbc        0x0
 .vfp11_veneer  0x0000000008002bbc        0x0 linker stubs

.v4_bx          0x0000000008002bbc        0x0
 .v4_bx         0x0000000008002bbc        0x0 linker stubs

.iplt           0x0000000008002bbc        0x0
 .iplt          0x0000000008002bbc        0x0 /home/hp/Programa/Atollic/ARMTools/bin/../lib/gcc/arm-atollic-eabi/6.3.1/armv7e-m/fpu/crtbegin.o

.rodata         0x0000000008002bbc       0x20
                0x0000000008002bbc                . = ALIGN (0x4)
 *(.rodata)
 *(.rodata*)
 .rodata.flagBitshiftOffset.8169
                0x0000000008002bbc        0x8 Drivers/STM32F4xx_HAL_Driver/Src/stm32f4xx_hal_dma.o
 .rodata.AHBPrescTable
                0x0000000008002bc4       0x10 Src/system_stm32f4xx.o
                0x0000000008002bc4                AHBPrescTable
 .rodata.APBPrescTable
                0x0000000008002bd4        0x8 Src/system_stm32f4xx.o
                0x0000000008002bd4                APBPrescTable
                0x0000000008002bdc                . = ALIGN (0x4)

.ARM.extab
 *(.ARM.extab* .gnu.linkonce.armextab.*)

.ARM            0x0000000008002bdc        0x8
                0x0000000008002bdc                __exidx_start = .
 *(.ARM.exidx*)
 .ARM.exidx     0x0000000008002bdc        0x8 /home/hp/Programa/Atollic/ARMTools/bin/../lib/gcc/arm-atollic-eabi/6.3.1/armv7e-m/fpu/libgcc.a(_udivmoddi4.o)
                0x0000000008002be4                __exidx_end = .

.rel.dyn        0x0000000008002be4        0x0
 .rel.iplt      0x0000000008002be4        0x0 /home/hp/Programa/Atollic/ARMTools/bin/../lib/gcc/arm-atollic-eabi/6.3.1/armv7e-m/fpu/crtbegin.o

.preinit_array  0x0000000008002be4        0x0
                0x0000000008002be4                PROVIDE (__preinit_array_start, .)
 *(.preinit_array*)
                0x0000000008002be4                PROVIDE (__preinit_array_end, .)

.init_array     0x0000000008002be4        0x4
                0x0000000008002be4                PROVIDE (__init_array_start, .)
 *(SORT(.init_array.*))
 *(.init_array*)
 .init_array    0x0000000008002be4        0x4 /home/hp/Programa/Atollic/ARMTools/bin/../lib/gcc/arm-atollic-eabi/6.3.1/armv7e-m/fpu/crtbegin.o
                0x0000000008002be8                PROVIDE (__init_array_end, .)

.fini_array     0x0000000008002be8        0x4
                [!provide]                        PROVIDE (__fini_array_start, .)
 *(SORT(.fini_array.*))
 *(.fini_array*)
 .fini_array    0x0000000008002be8        0x4 /home/hp/Programa/Atollic/ARMTools/bin/../lib/gcc/arm-atollic-eabi/6.3.1/armv7e-m/fpu/crtbegin.o
                [!provide]                        PROVIDE (__fini_array_end, .)
                0x0000000008002bec                _sidata = LOADADDR (.data)

.data           0x0000000020000000        0xc load address 0x0000000008002bec
                0x0000000020000000                . = ALIGN (0x4)
                0x0000000020000000                _sdata = .
 *(.data)
 *(.data*)
 .data.uwTickFreq
                0x0000000020000000        0x1 Drivers/STM32F4xx_HAL_Driver/Src/stm32f4xx_hal.o
                0x0000000020000000                uwTickFreq
 *fill*         0x0000000020000001        0x3 
 .data.uwTickPrio
                0x0000000020000004        0x4 Drivers/STM32F4xx_HAL_Driver/Src/stm32f4xx_hal.o
                0x0000000020000004                uwTickPrio
 .data.SystemCoreClock
                0x0000000020000008        0x4 Src/system_stm32f4xx.o
                0x0000000020000008                SystemCoreClock
                0x000000002000000c                . = ALIGN (0x4)
                0x000000002000000c                _edata = .

.igot.plt       0x000000002000000c        0x0 load address 0x0000000008002bf8
 .igot.plt      0x000000002000000c        0x0 /home/hp/Programa/Atollic/ARMTools/bin/../lib/gcc/arm-atollic-eabi/6.3.1/armv7e-m/fpu/crtbegin.o
                0x000000002000000c                . = ALIGN (0x4)

.bss            0x000000002000000c      0x2b4 load address 0x0000000008002bf8
                0x000000002000000c                _sbss = .
                0x000000002000000c                __bss_start__ = _sbss
 *(.bss)
 .bss           0x000000002000000c       0x1c /home/hp/Programa/Atollic/ARMTools/bin/../lib/gcc/arm-atollic-eabi/6.3.1/armv7e-m/fpu/crtbegin.o
 *(.bss*)
 *(COMMON)
 COMMON         0x0000000020000028        0x4 Drivers/STM32F4xx_HAL_Driver/Src/stm32f4xx_hal.o
                0x0000000020000028                uwTick
 COMMON         0x000000002000002c      0x294 Src/main.o
                0x000000002000002c                hdma_usart2_rx
                0x000000002000008c                htim8
                0x00000000200000cc                htim3
                0x000000002000010c                RXData
                0x0000000020000134                hadc1
                0x000000002000017c                ADCValues
                0x0000000020000194                hdma_adc1
                0x00000000200001f4                TXData
                0x0000000020000200                htim1
                0x0000000020000240                htim2
                0x0000000020000280                huart2
                0x00000000200002c0                . = ALIGN (0x4)
                0x00000000200002c0                _ebss = .
                0x00000000200002c0                __bss_end__ = _ebss

._user_heap_stack
                0x00000000200002c0      0x600 load address 0x0000000008002bf8
                0x00000000200002c0                . = ALIGN (0x4)
                0x00000000200002c0                PROVIDE (end, .)
                [!provide]                        PROVIDE (_end, .)
                0x00000000200004c0                . = (. + _Min_Heap_Size)
 *fill*         0x00000000200002c0      0x200 
                0x00000000200008c0                . = (. + _Min_Stack_Size)
 *fill*         0x00000000200004c0      0x400 
                0x00000000200008c0                . = ALIGN (0x4)

/DISCARD/
 libc.a(*)
 libm.a(*)
 libgcc.a(*)

.ARM.attributes
                0x0000000000000000       0x30
 *(.ARM.attributes)
 .ARM.attributes
                0x0000000000000000       0x22 /home/hp/Programa/Atollic/ARMTools/bin/../lib/gcc/arm-atollic-eabi/6.3.1/armv7e-m/fpu/crti.o
 .ARM.attributes
                0x0000000000000022       0x34 /home/hp/Programa/Atollic/ARMTools/bin/../lib/gcc/arm-atollic-eabi/6.3.1/armv7e-m/fpu/crtbegin.o
 .ARM.attributes
                0x0000000000000056       0x39 Drivers/STM32F4xx_HAL_Driver/Src/stm32f4xx_hal.o
 .ARM.attributes
                0x000000000000008f       0x39 Drivers/STM32F4xx_HAL_Driver/Src/stm32f4xx_hal_adc.o
 .ARM.attributes
                0x00000000000000c8       0x39 Drivers/STM32F4xx_HAL_Driver/Src/stm32f4xx_hal_cortex.o
 .ARM.attributes
                0x0000000000000101       0x39 Drivers/STM32F4xx_HAL_Driver/Src/stm32f4xx_hal_dma.o
 .ARM.attributes
                0x000000000000013a       0x39 Drivers/STM32F4xx_HAL_Driver/Src/stm32f4xx_hal_gpio.o
 .ARM.attributes
                0x0000000000000173       0x39 Drivers/STM32F4xx_HAL_Driver/Src/stm32f4xx_hal_rcc.o
 .ARM.attributes
                0x00000000000001ac       0x39 Drivers/STM32F4xx_HAL_Driver/Src/stm32f4xx_hal_rcc_ex.o
 .ARM.attributes
                0x00000000000001e5       0x39 Drivers/STM32F4xx_HAL_Driver/Src/stm32f4xx_hal_tim.o
 .ARM.attributes
                0x000000000000021e       0x39 Drivers/STM32F4xx_HAL_Driver/Src/stm32f4xx_hal_tim_ex.o
 .ARM.attributes
                0x0000000000000257       0x39 Drivers/STM32F4xx_HAL_Driver/Src/stm32f4xx_hal_uart.o
 .ARM.attributes
                0x0000000000000290       0x39 Src/main.o
 .ARM.attributes
                0x00000000000002c9       0x39 Src/stm32f4xx_hal_msp.o
 .ARM.attributes
                0x0000000000000302       0x39 Src/stm32f4xx_it.o
 .ARM.attributes
                0x000000000000033b       0x39 Src/system_stm32f4xx.o
 .ARM.attributes
                0x0000000000000374       0x21 startup/startup_stm32f446xx.o
 .ARM.attributes
                0x0000000000000395       0x34 /home/hp/Programa/Atollic/ARMTools/bin/../lib/gcc/arm-atollic-eabi/6.3.1/../../../../arm-atollic-eabi/lib/armv7e-m/fpu/libc_nano.a(lib_a-init.o)
 .ARM.attributes
                0x00000000000003c9       0x34 /home/hp/Programa/Atollic/ARMTools/bin/../lib/gcc/arm-atollic-eabi/6.3.1/../../../../arm-atollic-eabi/lib/armv7e-m/fpu/libc_nano.a(lib_a-memset.o)
 .ARM.attributes
                0x00000000000003fd       0x22 /home/hp/Programa/Atollic/ARMTools/bin/../lib/gcc/arm-atollic-eabi/6.3.1/armv7e-m/fpu/libgcc.a(_aeabi_uldivmod.o)
 .ARM.attributes
                0x000000000000041f       0x34 /home/hp/Programa/Atollic/ARMTools/bin/../lib/gcc/arm-atollic-eabi/6.3.1/armv7e-m/fpu/libgcc.a(_udivmoddi4.o)
 .ARM.attributes
                0x0000000000000453       0x22 /home/hp/Programa/Atollic/ARMTools/bin/../lib/gcc/arm-atollic-eabi/6.3.1/armv7e-m/fpu/libgcc.a(_dvmd_tls.o)
 .ARM.attributes
                0x0000000000000475       0x22 /home/hp/Programa/Atollic/ARMTools/bin/../lib/gcc/arm-atollic-eabi/6.3.1/armv7e-m/fpu/crtn.o
OUTPUT(JLoggerDevice.elf elf32-littlearm)

.debug_info     0x0000000000000000     0xeb4a
 .debug_info    0x0000000000000000      0xa41 Drivers/STM32F4xx_HAL_Driver/Src/stm32f4xx_hal.o
 .debug_info    0x0000000000000a41      0xdb1 Drivers/STM32F4xx_HAL_Driver/Src/stm32f4xx_hal_adc.o
 .debug_info    0x00000000000017f2      0xf57 Drivers/STM32F4xx_HAL_Driver/Src/stm32f4xx_hal_cortex.o
 .debug_info    0x0000000000002749      0xa4c Drivers/STM32F4xx_HAL_Driver/Src/stm32f4xx_hal_dma.o
 .debug_info    0x0000000000003195      0x7c3 Drivers/STM32F4xx_HAL_Driver/Src/stm32f4xx_hal_gpio.o
 .debug_info    0x0000000000003958      0xa97 Drivers/STM32F4xx_HAL_Driver/Src/stm32f4xx_hal_rcc.o
 .debug_info    0x00000000000043ef      0xbe8 Drivers/STM32F4xx_HAL_Driver/Src/stm32f4xx_hal_rcc_ex.o
 .debug_info    0x0000000000004fd7     0x34cf Drivers/STM32F4xx_HAL_Driver/Src/stm32f4xx_hal_tim.o
 .debug_info    0x00000000000084a6     0x12fe Drivers/STM32F4xx_HAL_Driver/Src/stm32f4xx_hal_tim_ex.o
 .debug_info    0x00000000000097a4     0x16c9 Drivers/STM32F4xx_HAL_Driver/Src/stm32f4xx_hal_uart.o
 .debug_info    0x000000000000ae6d     0x2075 Src/main.o
 .debug_info    0x000000000000cee2     0x1243 Src/stm32f4xx_hal_msp.o
 .debug_info    0x000000000000e125      0x467 Src/stm32f4xx_it.o
 .debug_info    0x000000000000e58c      0x53e Src/system_stm32f4xx.o
 .debug_info    0x000000000000eaca       0x80 startup/startup_stm32f446xx.o

.debug_abbrev   0x0000000000000000     0x2294
 .debug_abbrev  0x0000000000000000      0x23d Drivers/STM32F4xx_HAL_Driver/Src/stm32f4xx_hal.o
 .debug_abbrev  0x000000000000023d      0x2bf Drivers/STM32F4xx_HAL_Driver/Src/stm32f4xx_hal_adc.o
 .debug_abbrev  0x00000000000004fc      0x314 Drivers/STM32F4xx_HAL_Driver/Src/stm32f4xx_hal_cortex.o
 .debug_abbrev  0x0000000000000810      0x2e8 Drivers/STM32F4xx_HAL_Driver/Src/stm32f4xx_hal_dma.o
 .debug_abbrev  0x0000000000000af8      0x1ef Drivers/STM32F4xx_HAL_Driver/Src/stm32f4xx_hal_gpio.o
 .debug_abbrev  0x0000000000000ce7      0x2cb Drivers/STM32F4xx_HAL_Driver/Src/stm32f4xx_hal_rcc.o
 .debug_abbrev  0x0000000000000fb2      0x20d Drivers/STM32F4xx_HAL_Driver/Src/stm32f4xx_hal_rcc_ex.o
 .debug_abbrev  0x00000000000011bf      0x324 Drivers/STM32F4xx_HAL_Driver/Src/stm32f4xx_hal_tim.o
 .debug_abbrev  0x00000000000014e3      0x29c Drivers/STM32F4xx_HAL_Driver/Src/stm32f4xx_hal_tim_ex.o
 .debug_abbrev  0x000000000000177f      0x2fb Drivers/STM32F4xx_HAL_Driver/Src/stm32f4xx_hal_uart.o
 .debug_abbrev  0x0000000000001a7a      0x30b Src/main.o
 .debug_abbrev  0x0000000000001d85      0x249 Src/stm32f4xx_hal_msp.o
 .debug_abbrev  0x0000000000001fce      0x1a6 Src/stm32f4xx_it.o
 .debug_abbrev  0x0000000000002174      0x10e Src/system_stm32f4xx.o
 .debug_abbrev  0x0000000000002282       0x12 startup/startup_stm32f446xx.o

.debug_loc      0x0000000000000000     0x7653
 .debug_loc     0x0000000000000000      0x11b Drivers/STM32F4xx_HAL_Driver/Src/stm32f4xx_hal.o
 .debug_loc     0x000000000000011b      0x7d3 Drivers/STM32F4xx_HAL_Driver/Src/stm32f4xx_hal_adc.o
 .debug_loc     0x00000000000008ee      0x4fb Drivers/STM32F4xx_HAL_Driver/Src/stm32f4xx_hal_cortex.o
 .debug_loc     0x0000000000000de9      0x727 Drivers/STM32F4xx_HAL_Driver/Src/stm32f4xx_hal_dma.o
 .debug_loc     0x0000000000001510      0x378 Drivers/STM32F4xx_HAL_Driver/Src/stm32f4xx_hal_gpio.o
 .debug_loc     0x0000000000001888      0x336 Drivers/STM32F4xx_HAL_Driver/Src/stm32f4xx_hal_rcc.o
 .debug_loc     0x0000000000001bbe      0xa31 Drivers/STM32F4xx_HAL_Driver/Src/stm32f4xx_hal_rcc_ex.o
 .debug_loc     0x00000000000025ef     0x3009 Drivers/STM32F4xx_HAL_Driver/Src/stm32f4xx_hal_tim.o
 .debug_loc     0x00000000000055f8      0xa7c Drivers/STM32F4xx_HAL_Driver/Src/stm32f4xx_hal_tim_ex.o
 .debug_loc     0x0000000000006074     0x1335 Drivers/STM32F4xx_HAL_Driver/Src/stm32f4xx_hal_uart.o
 .debug_loc     0x00000000000073a9       0x91 Src/main.o
 .debug_loc     0x000000000000743a       0xfd Src/stm32f4xx_hal_msp.o
 .debug_loc     0x0000000000007537      0x11c Src/system_stm32f4xx.o

.debug_aranges  0x0000000000000000      0xa38
 .debug_aranges
                0x0000000000000000       0xe8 Drivers/STM32F4xx_HAL_Driver/Src/stm32f4xx_hal.o
 .debug_aranges
                0x00000000000000e8       0xb8 Drivers/STM32F4xx_HAL_Driver/Src/stm32f4xx_hal_adc.o
 .debug_aranges
                0x00000000000001a0       0xa8 Drivers/STM32F4xx_HAL_Driver/Src/stm32f4xx_hal_cortex.o
 .debug_aranges
                0x0000000000000248       0x80 Drivers/STM32F4xx_HAL_Driver/Src/stm32f4xx_hal_dma.o
 .debug_aranges
                0x00000000000002c8       0x58 Drivers/STM32F4xx_HAL_Driver/Src/stm32f4xx_hal_gpio.o
 .debug_aranges
                0x0000000000000320       0x88 Drivers/STM32F4xx_HAL_Driver/Src/stm32f4xx_hal_rcc.o
 .debug_aranges
                0x00000000000003a8       0x78 Drivers/STM32F4xx_HAL_Driver/Src/stm32f4xx_hal_rcc_ex.o
 .debug_aranges
                0x0000000000000420      0x278 Drivers/STM32F4xx_HAL_Driver/Src/stm32f4xx_hal_tim.o
 .debug_aranges
                0x0000000000000698       0xf8 Drivers/STM32F4xx_HAL_Driver/Src/stm32f4xx_hal_tim_ex.o
 .debug_aranges
                0x0000000000000790      0x170 Drivers/STM32F4xx_HAL_Driver/Src/stm32f4xx_hal_uart.o
 .debug_aranges
                0x0000000000000900       0x38 Src/main.o
 .debug_aranges
                0x0000000000000938       0x58 Src/stm32f4xx_hal_msp.o
 .debug_aranges
                0x0000000000000990       0x58 Src/stm32f4xx_it.o
 .debug_aranges
                0x00000000000009e8       0x28 Src/system_stm32f4xx.o
 .debug_aranges
                0x0000000000000a10       0x28 startup/startup_stm32f446xx.o

.debug_ranges   0x0000000000000000      0xd98
 .debug_ranges  0x0000000000000000       0xd8 Drivers/STM32F4xx_HAL_Driver/Src/stm32f4xx_hal.o
 .debug_ranges  0x00000000000000d8       0xc8 Drivers/STM32F4xx_HAL_Driver/Src/stm32f4xx_hal_adc.o
 .debug_ranges  0x00000000000001a0      0x128 Drivers/STM32F4xx_HAL_Driver/Src/stm32f4xx_hal_cortex.o
 .debug_ranges  0x00000000000002c8       0xc8 Drivers/STM32F4xx_HAL_Driver/Src/stm32f4xx_hal_dma.o
 .debug_ranges  0x0000000000000390       0x68 Drivers/STM32F4xx_HAL_Driver/Src/stm32f4xx_hal_gpio.o
 .debug_ranges  0x00000000000003f8       0xb0 Drivers/STM32F4xx_HAL_Driver/Src/stm32f4xx_hal_rcc.o
 .debug_ranges  0x00000000000004a8       0x80 Drivers/STM32F4xx_HAL_Driver/Src/stm32f4xx_hal_rcc_ex.o
 .debug_ranges  0x0000000000000528      0x340 Drivers/STM32F4xx_HAL_Driver/Src/stm32f4xx_hal_tim.o
 .debug_ranges  0x0000000000000868       0xe8 Drivers/STM32F4xx_HAL_Driver/Src/stm32f4xx_hal_tim_ex.o
 .debug_ranges  0x0000000000000950      0x178 Drivers/STM32F4xx_HAL_Driver/Src/stm32f4xx_hal_uart.o
 .debug_ranges  0x0000000000000ac8      0x188 Src/main.o
 .debug_ranges  0x0000000000000c50       0xc8 Src/stm32f4xx_hal_msp.o
 .debug_ranges  0x0000000000000d18       0x48 Src/stm32f4xx_it.o
 .debug_ranges  0x0000000000000d60       0x18 Src/system_stm32f4xx.o
 .debug_ranges  0x0000000000000d78       0x20 startup/startup_stm32f446xx.o

.debug_line     0x0000000000000000     0x52a0
 .debug_line    0x0000000000000000      0x3db Drivers/STM32F4xx_HAL_Driver/Src/stm32f4xx_hal.o
 .debug_line    0x00000000000003db      0x6e5 Drivers/STM32F4xx_HAL_Driver/Src/stm32f4xx_hal_adc.o
 .debug_line    0x0000000000000ac0      0x416 Drivers/STM32F4xx_HAL_Driver/Src/stm32f4xx_hal_cortex.o
 .debug_line    0x0000000000000ed6      0x52f Drivers/STM32F4xx_HAL_Driver/Src/stm32f4xx_hal_dma.o
 .debug_line    0x0000000000001405      0x397 Drivers/STM32F4xx_HAL_Driver/Src/stm32f4xx_hal_gpio.o
 .debug_line    0x000000000000179c      0x4b4 Drivers/STM32F4xx_HAL_Driver/Src/stm32f4xx_hal_rcc.o
 .debug_line    0x0000000000001c50      0x6b3 Drivers/STM32F4xx_HAL_Driver/Src/stm32f4xx_hal_rcc_ex.o
 .debug_line    0x0000000000002303     0x1143 Drivers/STM32F4xx_HAL_Driver/Src/stm32f4xx_hal_tim.o
 .debug_line    0x0000000000003446      0x63d Drivers/STM32F4xx_HAL_Driver/Src/stm32f4xx_hal_tim_ex.o
 .debug_line    0x0000000000003a83      0xb36 Drivers/STM32F4xx_HAL_Driver/Src/stm32f4xx_hal_uart.o
 .debug_line    0x00000000000045b9      0x4e5 Src/main.o
 .debug_line    0x0000000000004a9e      0x3a7 Src/stm32f4xx_hal_msp.o
 .debug_line    0x0000000000004e45      0x23e Src/stm32f4xx_it.o
 .debug_line    0x0000000000005083      0x19e Src/system_stm32f4xx.o
 .debug_line    0x0000000000005221       0x7f startup/startup_stm32f446xx.o

.debug_str      0x0000000000000000     0x4071
 .debug_str     0x0000000000000000      0xba0 Drivers/STM32F4xx_HAL_Driver/Src/stm32f4xx_hal.o
                                        0xc23 (size before relaxing)
 .debug_str     0x0000000000000ba0      0x6d2 Drivers/STM32F4xx_HAL_Driver/Src/stm32f4xx_hal_adc.o
                                        0x9b1 (size before relaxing)
 .debug_str     0x0000000000001272      0x4a1 Drivers/STM32F4xx_HAL_Driver/Src/stm32f4xx_hal_cortex.o
                                        0xcc9 (size before relaxing)
 .debug_str     0x0000000000001713      0x2f5 Drivers/STM32F4xx_HAL_Driver/Src/stm32f4xx_hal_dma.o
                                        0x7d4 (size before relaxing)
 .debug_str     0x0000000000001a08      0x1d3 Drivers/STM32F4xx_HAL_Driver/Src/stm32f4xx_hal_gpio.o
                                        0x573 (size before relaxing)
 .debug_str     0x0000000000001bdb      0x2ee Drivers/STM32F4xx_HAL_Driver/Src/stm32f4xx_hal_rcc.o
                                        0x74b (size before relaxing)
 .debug_str     0x0000000000001ec9      0x347 Drivers/STM32F4xx_HAL_Driver/Src/stm32f4xx_hal_rcc_ex.o
                                        0x84e (size before relaxing)
 .debug_str     0x0000000000002210      0xfd9 Drivers/STM32F4xx_HAL_Driver/Src/stm32f4xx_hal_tim.o
                                       0x152b (size before relaxing)
 .debug_str     0x00000000000031e9      0x548 Drivers/STM32F4xx_HAL_Driver/Src/stm32f4xx_hal_tim_ex.o
                                        0xd43 (size before relaxing)
 .debug_str     0x0000000000003731      0x6d8 Drivers/STM32F4xx_HAL_Driver/Src/stm32f4xx_hal_uart.o
                                        0xc76 (size before relaxing)
 .debug_str     0x0000000000003e09      0x128 Src/main.o
                                       0x1633 (size before relaxing)
 .debug_str     0x0000000000003f31       0x25 Src/stm32f4xx_hal_msp.o
                                        0xc77 (size before relaxing)
 .debug_str     0x0000000000003f56       0xd6 Src/stm32f4xx_it.o
                                        0x566 (size before relaxing)
 .debug_str     0x000000000000402c       0x45 Src/system_stm32f4xx.o
                                        0x3d7 (size before relaxing)

.comment        0x0000000000000000       0x7c
 .comment       0x0000000000000000       0x7c Drivers/STM32F4xx_HAL_Driver/Src/stm32f4xx_hal.o
                                         0x7d (size before relaxing)
 .comment       0x000000000000007c       0x7d Drivers/STM32F4xx_HAL_Driver/Src/stm32f4xx_hal_adc.o
 .comment       0x000000000000007c       0x7d Drivers/STM32F4xx_HAL_Driver/Src/stm32f4xx_hal_cortex.o
 .comment       0x000000000000007c       0x7d Drivers/STM32F4xx_HAL_Driver/Src/stm32f4xx_hal_dma.o
 .comment       0x000000000000007c       0x7d Drivers/STM32F4xx_HAL_Driver/Src/stm32f4xx_hal_gpio.o
 .comment       0x000000000000007c       0x7d Drivers/STM32F4xx_HAL_Driver/Src/stm32f4xx_hal_rcc.o
 .comment       0x000000000000007c       0x7d Drivers/STM32F4xx_HAL_Driver/Src/stm32f4xx_hal_rcc_ex.o
 .comment       0x000000000000007c       0x7d Drivers/STM32F4xx_HAL_Driver/Src/stm32f4xx_hal_tim.o
 .comment       0x000000000000007c       0x7d Drivers/STM32F4xx_HAL_Driver/Src/stm32f4xx_hal_tim_ex.o
 .comment       0x000000000000007c       0x7d Drivers/STM32F4xx_HAL_Driver/Src/stm32f4xx_hal_uart.o
 .comment       0x000000000000007c       0x7d Src/main.o
 .comment       0x000000000000007c       0x7d Src/stm32f4xx_hal_msp.o
 .comment       0x000000000000007c       0x7d Src/stm32f4xx_it.o
 .comment       0x000000000000007c       0x7d Src/system_stm32f4xx.o

.debug_frame    0x0000000000000000     0x1ea0
 .debug_frame   0x0000000000000000      0x1f0 Drivers/STM32F4xx_HAL_Driver/Src/stm32f4xx_hal.o
 .debug_frame   0x00000000000001f0      0x248 Drivers/STM32F4xx_HAL_Driver/Src/stm32f4xx_hal_adc.o
 .debug_frame   0x0000000000000438      0x158 Drivers/STM32F4xx_HAL_Driver/Src/stm32f4xx_hal_cortex.o
 .debug_frame   0x0000000000000590      0x150 Drivers/STM32F4xx_HAL_Driver/Src/stm32f4xx_hal_dma.o
 .debug_frame   0x00000000000006e0       0xd8 Drivers/STM32F4xx_HAL_Driver/Src/stm32f4xx_hal_gpio.o
 .debug_frame   0x00000000000007b8      0x13c Drivers/STM32F4xx_HAL_Driver/Src/stm32f4xx_hal_rcc.o
 .debug_frame   0x00000000000008f4      0x150 Drivers/STM32F4xx_HAL_Driver/Src/stm32f4xx_hal_rcc_ex.o
 .debug_frame   0x0000000000000a44      0x928 Drivers/STM32F4xx_HAL_Driver/Src/stm32f4xx_hal_tim.o
 .debug_frame   0x000000000000136c      0x360 Drivers/STM32F4xx_HAL_Driver/Src/stm32f4xx_hal_tim_ex.o
 .debug_frame   0x00000000000016cc      0x4a0 Drivers/STM32F4xx_HAL_Driver/Src/stm32f4xx_hal_uart.o
 .debug_frame   0x0000000000001b6c       0x8c Src/main.o
 .debug_frame   0x0000000000001bf8      0x104 Src/stm32f4xx_hal_msp.o
 .debug_frame   0x0000000000001cfc       0xc0 Src/stm32f4xx_it.o
 .debug_frame   0x0000000000001dbc       0x38 Src/system_stm32f4xx.o
 .debug_frame   0x0000000000001df4       0x2c /home/hp/Programa/Atollic/ARMTools/bin/../lib/gcc/arm-atollic-eabi/6.3.1/../../../../arm-atollic-eabi/lib/armv7e-m/fpu/libc_nano.a(lib_a-init.o)
 .debug_frame   0x0000000000001e20       0x20 /home/hp/Programa/Atollic/ARMTools/bin/../lib/gcc/arm-atollic-eabi/6.3.1/../../../../arm-atollic-eabi/lib/armv7e-m/fpu/libc_nano.a(lib_a-memset.o)
 .debug_frame   0x0000000000001e40       0x2c /home/hp/Programa/Atollic/ARMTools/bin/../lib/gcc/arm-atollic-eabi/6.3.1/armv7e-m/fpu/libgcc.a(_aeabi_uldivmod.o)
 .debug_frame   0x0000000000001e6c       0x34 /home/hp/Programa/Atollic/ARMTools/bin/../lib/gcc/arm-atollic-eabi/6.3.1/armv7e-m/fpu/libgcc.a(_udivmoddi4.o)
